[
    {
        "timestamp": 0,
        "value": -10
    },
    {
        "timestamp": 900,
        "value": -2.8232396741168877
    },
    {
        "timestamp": 1800,
        "value": 8.787930885862274
    },
    {
        "timestamp": 2700,
        "value": 8.182206836303227
    },
    {
        "timestamp": 3600,
        "value": 10
    }
]
